// Jest Snapshot v1, https://goo.gl/fbAQLP

exports[`traffic/Buttons renders correctly with GO Status 1`] = `
<div
  style={
    Object {
      "textAlign": "center",
    }
  }
>
  <button
    className="trafficButton"
    disabled={true}
    onClick={[MockFunction]}
  >
    Go
  </button>
  <button
    className="trafficButton"
    disabled={false}
    onClick={[MockFunction]}
  >
    Caution
  </button>
  <button
    className="trafficButton"
    disabled={true}
    onClick={[MockFunction]}
  >
    Stop
  </button>
</div>
`;

exports[`traffic/Buttons renders correctly with default props 1`] = `null`;
